2025-12-25 00:24:41 INFO Calculate laminated stack stiffness properties
2025-12-25 00:24:41 INFO Reading inputs
2025-12-25 00:24:41 INFO Material stiffness properties: E11 = 154000, E22 = 8500, G12 = 4200, nu12 = 0.35
2025-12-25 00:24:41 INFO Ply thickness: 0.125
2025-12-25 00:24:41 INFO Stacking angles: [0, 45, 90]
2025-12-25 00:24:41 INFO Done reading inputs
2025-12-25 00:24:41 INFO Number of plies: 3, total tickness: 0.375
2025-12-25 00:24:41 INFO Calcualte ABD matricies and homogenized stiffness properties
2025-12-25 00:24:41 INFO A matrix =
[[26275.67  5523.71  4577.83]
 [ 5523.71 26275.67  4577.83]
 [ 4577.83  4577.83  5975.49]]
2025-12-25 00:24:41 INFO B matrix =
[[ 2288.91     0.      -0.  ]
 [    0.   -2288.91    -0.  ]
 [   -0.      -0.       0.  ]]
2025-12-25 00:24:41 INFO D matrix =
[[353.76  18.89   5.96]
 [ 18.89 353.76   5.96]
 [  5.96   5.96  24.19]]
2025-12-25 00:24:41 INFO Homogenized stiffness C_eff =
[[30313.26 12763.67 12207.54]
 [12763.67 30313.26 12207.54]
 [12207.54 12207.54 15934.64]]
2025-12-25 00:24:41 INFO Homogenized properties: E11_eff = 20405.827, E22_eff = 20405.827, G12_eff = 9015.669, nu12_eff = 0.163
