2025-12-25 19:38:20 INFO Starting laminate analysis
2025-12-25 19:38:20 INFO Input data from JSON:
E1 = 150000.000, E2 = 8000.000, G12 = 4000.000, nu12 = 0.350
Ply thickness = 0.125
Stacking angles = [0, 45, 0]
Total stack thickness = 0.375
2025-12-25 19:38:20 INFO Calcuate ABD matricies and homogenized stiffness properties
2025-12-25 19:38:20 INFO A matrix:
[[43392.73251912  5350.72473493  4466.68232452]
 [ 5350.72473493  7659.27392296  4466.68232452]
 [ 4466.68232452  4466.68232452  5793.81962153]]
2025-12-25 19:38:20 INFO B matrix:
[[0. 0. 0.]
 [0. 0. 0.]
 [0. 0. 0.]]
2025-12-25 19:38:20 INFO D matrix:
[[646.29175369  17.97651776   5.81599261]
 [ 17.97651776  41.42852225   5.81599261]
 [  5.81599261   5.81599261  23.16903597]]
2025-12-25 19:38:20 INFO Homogenized properties:
{'E1': 104230.36823300607, 'E2': 10999.157916110362, 'G12': 8382.038003874339, 'nu12': 0.4523968164088154}
2025-12-25 19:38:20 INFO Laminate analysis complete
